nohup: ignoring input
	 iters: 100, epoch: 1 | loss: 4.0834618
	 variance:  [5.0120106 3.7741957 5.775468  1.1316938 1.8418982]
	 speed: 0.1196s/iter; left time: 152003.7657s
	 iters: 200, epoch: 1 | loss: 2.1411371
	 variance:  [1.080979   0.46757567 1.1698918  0.13549726 0.5004089 ]
	 speed: 0.1116s/iter; left time: 141789.1570s
	 iters: 300, epoch: 1 | loss: -1.6102769
	 variance:  [0.16700393 6.1811085  0.232082   7.8032975  4.4814854 ]
	 speed: 0.1117s/iter; left time: 141902.6266s
	 iters: 400, epoch: 1 | loss: 3.3494000
	 variance:  [2.0281048  0.8572653  0.40326124 0.31865695 1.3979384 ]
	 speed: 0.1115s/iter; left time: 141641.3767s
	 iters: 500, epoch: 1 | loss: 3.5670211
	 variance:  [3.2336104  0.2365954  0.13122366 0.18469137 0.02929095]
	 speed: 0.1116s/iter; left time: 141791.6422s
	 iters: 600, epoch: 1 | loss: 0.9712706
	 variance:  [4.9677806  0.9899     0.40182444 0.34618235 0.07302314]
	 speed: 0.1118s/iter; left time: 141963.4844s
	 iters: 700, epoch: 1 | loss: -1.7582731
	 variance:  [0.2780753  0.10013708 0.07063887 0.18065423 1.3915585 ]
	 speed: 0.1118s/iter; left time: 141959.1797s
	 iters: 800, epoch: 1 | loss: 6.7234621
	 variance:  [0.57945126 0.36355883 0.11899267 0.04539834 1.9817991 ]
	 speed: 0.1119s/iter; left time: 142064.2022s
	 iters: 900, epoch: 1 | loss: 2.8214300
	 variance:  [5.0561976  1.6003973  0.06792973 2.5558887  0.15436377]
	 speed: 0.1120s/iter; left time: 142164.2325s
	 iters: 1000, epoch: 1 | loss: -1.9411559
	 variance:  [ 0.3780343  17.968027    0.05260895  0.3714318   1.405409  ]
	 speed: 0.1121s/iter; left time: 142275.3849s
	 iters: 1100, epoch: 1 | loss: 1.7920158
	 variance:  [0.17361166 5.267735   0.12103602 2.8977919  0.20922466]
	 speed: 0.1122s/iter; left time: 142388.8427s
	 iters: 1200, epoch: 1 | loss: -2.5083609
	 variance:  [ 0.04075866  0.01727934  0.19042511 11.064601    5.216027  ]
	 speed: 0.1123s/iter; left time: 142579.5411s
	 iters: 1300, epoch: 1 | loss: -2.4937091
	 variance:  [8.644616   0.08893947 0.57157254 1.130513   1.0660315 ]
	 speed: 0.1126s/iter; left time: 142920.4305s
	 iters: 1400, epoch: 1 | loss: -0.3177804
	 variance:  [0.21329917 1.1540071  0.09111813 0.06573617 8.08408   ]
	 speed: 0.1127s/iter; left time: 143007.0998s
	 iters: 1500, epoch: 1 | loss: -0.6012303
	 variance:  [0.17140664 0.33738855 0.49151292 0.5249576  0.44417647]
	 speed: 0.1126s/iter; left time: 142913.2713s
	 iters: 1600, epoch: 1 | loss: 5.8336582
	 variance:  [0.4108217  1.0623771  1.177612   0.29817453 1.1455628 ]
	 speed: 0.1128s/iter; left time: 143198.8152s
	 iters: 1700, epoch: 1 | loss: -2.5708284
	 variance:  [0.06506421 8.370349   7.830916   0.6335768  0.3271263 ]
	 speed: 0.1129s/iter; left time: 143308.8595s
	 iters: 1800, epoch: 1 | loss: 2.0654676
	 variance:  [0.13038728 0.53980136 0.23899755 0.4272319  0.85168827]
	 speed: 0.1128s/iter; left time: 143096.0650s
	 iters: 1900, epoch: 1 | loss: -3.2692685
	 variance:  [0.2796896  0.38288546 0.1293376  0.11866661 0.10613857]
	 speed: 0.1127s/iter; left time: 143026.4182s
	 iters: 2000, epoch: 1 | loss: -2.3835125
	 variance:  [1.134678   0.7971763  0.51143837 0.13997246 0.44604352]
	 speed: 0.1129s/iter; left time: 143196.0434s
	 iters: 2100, epoch: 1 | loss: -2.3975697
	 variance:  [0.2277616  0.02674439 2.0257652  0.03143529 0.24752855]
	 speed: 0.1126s/iter; left time: 142781.6076s
	 iters: 2200, epoch: 1 | loss: -3.4808967
	 variance:  [0.39891657 0.06765407 0.4144629  0.26242542 0.290725  ]
	 speed: 0.1124s/iter; left time: 142610.6550s
	 iters: 2300, epoch: 1 | loss: -0.3066447
	 variance:  [ 3.6900816   0.08366332 22.18696     0.0885701   0.06176216]
	 speed: 0.1124s/iter; left time: 142611.1572s
	 iters: 2400, epoch: 1 | loss: -2.0920601
	 variance:  [0.02760708 0.8354273  1.155455   0.70186716 0.06254041]
	 speed: 0.1124s/iter; left time: 142579.0193s
	 iters: 2500, epoch: 1 | loss: 3.2132077
	 variance:  [0.33302888 0.2546552  0.54728127 3.660504   5.2818093 ]
	 speed: 0.1124s/iter; left time: 142520.0299s
	 iters: 2600, epoch: 1 | loss: -2.4184747
	 variance:  [1.2529191  0.7423165  0.6723704  0.12652726 0.98729444]
	 speed: 0.1124s/iter; left time: 142472.1797s
	 iters: 2700, epoch: 1 | loss: -1.1224771
	 variance:  [0.21772397 0.23872623 1.0335486  0.2944951  0.19899325]
	 speed: 0.1124s/iter; left time: 142483.8769s
	 iters: 2800, epoch: 1 | loss: -1.2547318
	 variance:  [0.9922616  2.3551366  0.03459938 0.27693474 0.12502837]
	 speed: 0.1123s/iter; left time: 142355.5698s
	 iters: 2900, epoch: 1 | loss: -1.4226146
	 variance:  [0.06505869 0.12737055 0.37741202 1.3552588  0.24655938]
	 speed: 0.1124s/iter; left time: 142479.0721s
	 iters: 3000, epoch: 1 | loss: -2.1894665
	 variance:  [0.29330418 0.7028023  0.11140285 0.07333282 0.83994454]
	 speed: 0.1122s/iter; left time: 142218.3201s
	 iters: 3100, epoch: 1 | loss: -1.9993980
	 variance:  [0.12800951 0.73835313 0.4721456  0.08910503 0.39795688]
	 speed: 0.1130s/iter; left time: 143178.9798s
	 iters: 3200, epoch: 1 | loss: -1.0584536
	 variance:  [0.03269735 0.82414407 0.29342166 0.00928417 0.53020215]
	 speed: 0.1122s/iter; left time: 142255.6690s
	 iters: 3300, epoch: 1 | loss: 0.7504913
	 variance:  [0.4331131  0.80400056 1.2783242  0.11289866 0.06421828]
	 speed: 0.1124s/iter; left time: 142434.4405s
	 iters: 3400, epoch: 1 | loss: -0.2281786
	 variance:  [ 0.713286    0.18789805  2.2386675  11.647385    2.8759885 ]
	 speed: 0.1122s/iter; left time: 142160.7360s
	 iters: 3500, epoch: 1 | loss: -0.8349220
	 variance:  [1.1322356  0.05332148 1.2787766  0.2941771  0.18593784]
	 speed: 0.1122s/iter; left time: 142149.0014s
	 iters: 3600, epoch: 1 | loss: -0.1761203
	 variance:  [2.378414   0.35090926 0.26428795 1.2461454  1.1147585 ]
	 speed: 0.1122s/iter; left time: 142114.0936s
	 iters: 3700, epoch: 1 | loss: 1.6813455
	 variance:  [0.22929603 1.5823761  0.03037772 0.36514145 0.27541962]
	 speed: 0.1120s/iter; left time: 141957.8472s
	 iters: 3800, epoch: 1 | loss: 2.6224923
	 variance:  [0.3935894 0.3350076 2.5421684 3.7587557 0.5427207]
	 speed: 0.1119s/iter; left time: 141713.2042s
	 iters: 3900, epoch: 1 | loss: 1.1876514
	 variance:  [0.45718166 0.39895168 0.17496401 0.10319053 0.07823458]
	 speed: 0.1121s/iter; left time: 142001.8151s
	 iters: 4000, epoch: 1 | loss: -3.1803741
	 variance:  [0.17800191 0.3293575  0.04794678 0.2191794  1.206894  ]
	 speed: 0.1120s/iter; left time: 141870.3485s
	 iters: 4100, epoch: 1 | loss: -1.9399133
	 variance:  [7.969723   1.1659061  0.05677006 1.1399792  0.03862039]
	 speed: 0.1120s/iter; left time: 141794.9826s
	 iters: 4200, epoch: 1 | loss: 0.7694856
	 variance:  [0.11234769 0.24985549 0.5140974  0.02271244 0.04096606]
	 speed: 0.1120s/iter; left time: 141843.8170s
	 iters: 4300, epoch: 1 | loss: -0.8500720
	 variance:  [0.29127756 3.3715315  0.67575914 2.3036187  0.1198052 ]
	 speed: 0.1123s/iter; left time: 142181.1009s
	 iters: 4400, epoch: 1 | loss: -2.3737426
	 variance:  [0.1641615  0.599331   0.05031369 0.15081212 0.05034322]
	 speed: 0.1144s/iter; left time: 144815.8320s
	 iters: 4500, epoch: 1 | loss: -2.8913593
	 variance:  [0.44819292 0.21923533 0.49644446 0.09133245 0.37582743]
	 speed: 0.1129s/iter; left time: 142948.5621s
	 iters: 4600, epoch: 1 | loss: -2.4238386
	 variance:  [0.12319162 0.780311   6.3309655  1.2839881  1.1441547 ]
	 speed: 0.1131s/iter; left time: 143134.4768s
	 iters: 4700, epoch: 1 | loss: -3.8500319
	 variance:  [0.47960514 0.06125944 0.72153896 1.2061956  1.3370873 ]
	 speed: 0.1136s/iter; left time: 143813.8372s
	 iters: 4800, epoch: 1 | loss: -3.0859246
	 variance:  [2.9927855  0.1858969  0.23984121 0.8354938  0.870799  ]
	 speed: 0.1131s/iter; left time: 143141.5057s
	 iters: 4900, epoch: 1 | loss: 0.4601958
	 variance:  [1.7851276  1.0590857  0.7145527  0.40009862 0.40821478]
	 speed: 0.1134s/iter; left time: 143539.9496s
	 iters: 5000, epoch: 1 | loss: -1.3966225
	 variance:  [0.96491474 1.3187482  1.3974859  1.0612851  2.1231475 ]
	 speed: 0.1132s/iter; left time: 143329.9039s
	 iters: 5100, epoch: 1 | loss: -3.7531638
	 variance:  [0.12151269 0.13096975 0.25085208 1.415377   0.10518191]
	 speed: 0.1134s/iter; left time: 143564.2334s
	 iters: 5200, epoch: 1 | loss: -4.5366449
	 variance:  [0.45637053 0.09484316 0.2904306  1.395096   0.07420111]
	 speed: 0.1130s/iter; left time: 142961.7005s
	 iters: 5300, epoch: 1 | loss: -4.4487562
	 variance:  [0.56575114 0.27179766 0.15446867 0.5102107  0.04725704]
	 speed: 0.1138s/iter; left time: 144035.6753s
	 iters: 5400, epoch: 1 | loss: -2.6673062
	 variance:  [0.5883961  0.76613635 0.63539386 0.18774441 0.16767061]
	 speed: 0.1129s/iter; left time: 142907.3654s
	 iters: 5500, epoch: 1 | loss: -0.3430425
	 variance:  [1.2782702  0.04093255 0.49193725 0.32458362 0.108596  ]
	 speed: 0.1131s/iter; left time: 143127.4944s
	 iters: 5600, epoch: 1 | loss: -1.6943555
	 variance:  [0.10130037 0.28785366 0.18326834 0.18921928 0.31257692]
	 speed: 0.1138s/iter; left time: 143904.0362s
	 iters: 5700, epoch: 1 | loss: 1.5663425
	 variance:  [5.851881   1.1548188  0.08468305 1.0927106  0.36571437]
	 speed: 0.1134s/iter; left time: 143498.7178s
	 iters: 5800, epoch: 1 | loss: 0.5754346
	 variance:  [0.38553745 1.5482594  0.15193738 0.10379587 0.4900576 ]
	 speed: 0.1131s/iter; left time: 143004.7627s
	 iters: 5900, epoch: 1 | loss: -0.4096519
	 variance:  [0.44151285 0.16973019 0.56759614 0.6435066  0.5673715 ]
	 speed: 0.1138s/iter; left time: 143917.4057s
	 iters: 6000, epoch: 1 | loss: -3.1362829
	 variance:  [0.22385126 0.23449759 4.2237372  1.9885311  0.13263568]
	 speed: 0.1140s/iter; left time: 144173.3299s
	 iters: 6100, epoch: 1 | loss: -3.8484817
	 variance:  [1.9464204  0.6195709  0.06213614 0.22551411 0.43517065]
	 speed: 0.1137s/iter; left time: 143724.5666s
	 iters: 6200, epoch: 1 | loss: -3.7242472
	 variance:  [0.2439873  0.41392592 0.5382371  1.0019876  1.4040442 ]
	 speed: 0.1136s/iter; left time: 143614.9885s
	 iters: 6300, epoch: 1 | loss: -3.0595098
	 variance:  [2.7758598  0.0174541  0.0884515  0.00990547 0.83299077]
	 speed: 0.1146s/iter; left time: 144903.8282s
	 iters: 6400, epoch: 1 | loss: 0.5308728
	 variance:  [6.3862457  0.38278416 0.00752212 2.2453387  1.4543992 ]
	 speed: 0.1145s/iter; left time: 144763.2840s
	 iters: 6500, epoch: 1 | loss: -3.8219557
	 variance:  [0.429269   0.8391929  1.0192     0.32791013 1.1723474 ]
	 speed: 0.1134s/iter; left time: 143352.8476s
	 iters: 6600, epoch: 1 | loss: -1.0602715
	 variance:  [2.9730232  6.5805383  0.18385212 0.13097367 5.3000045 ]
	 speed: 0.1134s/iter; left time: 143316.0869s
	 iters: 6700, epoch: 1 | loss: -2.0107555
	 variance:  [0.7281615  6.8663044  0.52350783 0.03639331 0.08227204]
	 speed: 0.1143s/iter; left time: 144519.9014s
	 iters: 6800, epoch: 1 | loss: -3.1934013
	 variance:  [0.05316757 0.2881716  0.21470456 0.09330719 0.3031453 ]
	 speed: 0.1136s/iter; left time: 143601.5197s
	 iters: 6900, epoch: 1 | loss: 0.4423187
	 variance:  [1.4623563  7.527459   3.057253   0.07633843 0.25095144]
	 speed: 0.1135s/iter; left time: 143486.6663s
	 iters: 7000, epoch: 1 | loss: -1.1522909
	 variance:  [0.1853029  0.04676505 1.8352484  0.20146157 0.02564351]
	 speed: 0.1135s/iter; left time: 143389.6560s
	 iters: 7100, epoch: 1 | loss: -0.4848451
	 variance:  [0.7952392  2.0077531  0.59945714 0.5141169  0.614754  ]
	 speed: 0.1135s/iter; left time: 143434.3811s
	 iters: 7200, epoch: 1 | loss: 0.6271666
	 variance:  [0.52656734 0.05412186 1.0316721  0.13885295 0.2542091 ]
	 speed: 0.1135s/iter; left time: 143396.5393s
	 iters: 7300, epoch: 1 | loss: 0.3242420
	 variance:  [0.57753766 0.09690543 0.26175687 0.30560887 0.36092448]
	 speed: 0.1135s/iter; left time: 143415.9097s
	 iters: 7400, epoch: 1 | loss: 1.6073995
	 variance:  [0.02463771 2.5709524  0.8299123  0.09167071 0.06774025]
	 speed: 0.1138s/iter; left time: 143806.3894s
	 iters: 7500, epoch: 1 | loss: -2.0036778
	 variance:  [3.0665085  0.419164   0.39719823 0.03229502 0.259799  ]
	 speed: 0.1138s/iter; left time: 143713.9848s
	 iters: 7600, epoch: 1 | loss: 1.6941695
	 variance:  [0.14349449 0.05158577 3.6842406  2.2162466  0.25279954]
	 speed: 0.1141s/iter; left time: 144153.3219s
	 iters: 7700, epoch: 1 | loss: -2.0831571
	 variance:  [0.3934632 1.2905055 0.9524014 0.0035003 0.1852307]
	 speed: 0.1136s/iter; left time: 143516.8626s
	 iters: 7800, epoch: 1 | loss: 0.5473448
	 variance:  [1.7576649  0.66947657 0.39164576 6.58499    1.4927381 ]
	 speed: 0.1139s/iter; left time: 143868.7125s
	 iters: 7900, epoch: 1 | loss: -0.3216467
	 variance:  [0.05780755 1.1964831  0.01943539 0.26372194 0.326049  ]
	 speed: 0.1141s/iter; left time: 144036.8231s
	 iters: 8000, epoch: 1 | loss: -6.9663658
	 variance:  [0.95339894 0.03532894 0.02195759 0.8696281  0.05205533]
	 speed: 0.1140s/iter; left time: 143895.1206s
	 iters: 8100, epoch: 1 | loss: 9.6260853
	 variance:  [ 0.24672037  1.1427209   1.2092279   1.029038   12.087977  ]
	 speed: 0.1135s/iter; left time: 143295.5338s
	 iters: 8200, epoch: 1 | loss: -0.7089361
	 variance:  [0.11950762 2.680134   0.7570217  7.372412   0.03672258]
	 speed: 0.1146s/iter; left time: 144614.5738s
	 iters: 8300, epoch: 1 | loss: -1.4101069
	 variance:  [0.22002454 2.7462747  0.5397217  0.29854283 0.80743045]
	 speed: 0.1139s/iter; left time: 143755.6291s
	 iters: 8400, epoch: 1 | loss: -4.4683180
	 variance:  [0.20396276 0.18161696 0.07275588 0.09505122 0.03404796]
	 speed: 0.1136s/iter; left time: 143401.0385s
Validation loss descreased: inf -> -2.0027859357306776
Epoch: 1 Time: 997.2369196414948 Steps: 8471
Train Loss: -0.6700903 | Val Loss: -2.0027859 | Test Loss: -3.0550568
Test Loss (15 mins): 0.0618336 | (30 mins): 0.0841659 | (45 mins): 0.1037351 | (60 mins): 0.1231908
	 iters: 100, epoch: 2 | loss: 3.1576095
	 variance:  [0.5066026  0.5763185  0.28402898 1.4892248  0.58928096]
	 speed: 0.1138s/iter; left time: 143609.8589s
	 iters: 200, epoch: 2 | loss: -0.4462823
	 variance:  [0.5887328  0.00787881 0.21252848 0.57582784 1.7611704 ]
	 speed: 0.1147s/iter; left time: 144751.6007s
	 iters: 300, epoch: 2 | loss: 1.3980448
	 variance:  [3.2111652  0.12243922 0.08437011 0.06377107 0.05079382]
	 speed: 0.1145s/iter; left time: 144475.8528s
	 iters: 400, epoch: 2 | loss: -1.6928344
	 variance:  [0.8272411  0.53565454 0.14396304 0.43824163 2.659354  ]
	 speed: 0.1143s/iter; left time: 144248.9870s
	 iters: 500, epoch: 2 | loss: -2.0420182
	 variance:  [1.4383833  0.16123012 0.6450715  0.07805593 0.07679959]
	 speed: 0.1144s/iter; left time: 144355.2008s
	 iters: 600, epoch: 2 | loss: -0.6246837
	 variance:  [0.81875134 0.5222089  1.5013173  0.09467689 1.4435104 ]
	 speed: 0.1146s/iter; left time: 144633.8144s
	 iters: 700, epoch: 2 | loss: -4.4915047
	 variance:  [0.30252162 0.3710942  0.47362962 0.06962425 0.335897  ]
	 speed: 0.1148s/iter; left time: 144812.3251s
	 iters: 800, epoch: 2 | loss: -3.7662668
	 variance:  [4.0240035  0.02245362 1.2764424  2.138077   1.7702839 ]
	 speed: 0.1146s/iter; left time: 144503.3270s
	 iters: 900, epoch: 2 | loss: -0.4844569
	 variance:  [0.18501523 0.08941979 0.44745648 0.8589772  0.5300465 ]
	 speed: 0.1141s/iter; left time: 143946.8836s
	 iters: 1000, epoch: 2 | loss: -1.6553125
	 variance:  [0.8490927  3.2690814  0.16804354 3.8189056  0.35275075]
	 speed: 0.1146s/iter; left time: 144492.2021s
	 iters: 1100, epoch: 2 | loss: -0.6439404
	 variance:  [0.80400896 0.15001443 0.9299233  0.19701202 0.932904  ]
	 speed: 0.1146s/iter; left time: 144561.5368s
	 iters: 1200, epoch: 2 | loss: -3.1060979
	 variance:  [0.73992103 1.2927364  0.15167327 1.1039873  0.2208036 ]
	 speed: 0.1142s/iter; left time: 144012.1335s
	 iters: 1300, epoch: 2 | loss: -1.5062507
	 variance:  [0.05146194 0.75077176 0.33643338 0.00544707 0.09308705]
	 speed: 0.1146s/iter; left time: 144499.4218s
	 iters: 1400, epoch: 2 | loss: -1.8721700
	 variance:  [0.40637717 0.8724208  0.44305366 1.6315842  0.01842021]
	 speed: 0.1146s/iter; left time: 144481.6731s
	 iters: 1500, epoch: 2 | loss: 1.8484449
	 variance:  [0.28360954 0.3107139  0.86474997 0.36087424 0.8456402 ]
	 speed: 0.1150s/iter; left time: 145036.5315s
	 iters: 1600, epoch: 2 | loss: -2.5958869
	 variance:  [2.3420835 0.233959  0.4659806 0.4301622 0.1672885]
	 speed: 0.1145s/iter; left time: 144371.7999s
	 iters: 1700, epoch: 2 | loss: -1.7464784
	 variance:  [0.13598335 0.58829296 1.3982664  0.22399426 0.15416764]
	 speed: 0.1152s/iter; left time: 145253.8766s
	 iters: 1800, epoch: 2 | loss: -0.9391496